  383 CTR 2.963029176201373    A  
  383 NTR 7.371109691614323    B  
