   16 NTR 9.23928505662462     U  
   20 GLU 4.38228311888218     U  
   25 GLU 3.782990949885394    U  
   34 TYR None                 U  
   37 HIS 5.629973263099086    U  
   40 TYR None                 U  
   57 HIS 8.392267007112894    U  
   61 LYS 10.678644629540797   U  
   62 LYS 10.618236222185953   U  
   63 ASP 3.214734617856248    U  
   64 TYR None                 U  
   67 TYR 9.448220139433953    U  
   80 GLU None                 U  
   82 LYS 10.757791366998704   U  
   84 GLU 3.4286659877800405   U  
   86 GLU 3.6077133915604738   U  
   91 HIS None                 U  
   92 LYS 10.517617691298364   U  
   93 ASP None                 U  
   94 TYR None                 U  
   97 ASP None                 U  
   99 HIS 5.6042581121549      U  
  100 HIS 6.099540681560902    U  
  102 ASP None                 U  
  107 LYS None                 U  
  127 TYR 9.711431040661031    U  
  129 ASP None                 U  
  137 GLU 4.777609352212308    U  
  143 LYS 10.508000440189281   U  
  144 GLU 3.363119020237827    U  
  148 ASP None                 U  
  149 TYR 9.674413294167714    U  
  151 TYR None                 U  
  153 GLU None                 U  
  156 LYS None                 U  
  161 LYS 10.641892314426865   U  
  165 HIS 5.387996043352939    U  
  167 GLU 3.962214516321894    U  
  171 TYR 10.752989426465877   U  
  172 TYR None                 U  
  175 GLU 6.217700258397933    U  
  179 LYS 10.775038670937725   U  
  185 ASP None                 U  
  187 LYS None                 U  
  189 ASP None                 U  
  194 ASP None                 U  
  223 LYS 10.489607364928702   U  
  224 LYS 10.503778058454653   U  
  228 TYR None                 U  
  233 HIS 5.741668086072787    U  
  241 HIS 5.9355692642227424   U  
  243 CTR None                 U  
  243 LYS 10.668766757398743   U  
    1 NTR 6.9081767146692705   P  
    7 GLU None                 P  
    9 HIS 6.561248557877195    P  
   12 CTR 3.191509821293515    P  
