  126 TYR 10.098011676580745   A  
  127 SER None                 A  
  128 CYS 12.482018561484919   A  
  130 CYS 11.494419051404346   A  
  134 SER None                 A  
  135 CYS 8.748730472535566    A  
  136 LYS 10.48507993867718    A  
  140 SER None                 A  
  142 ASP 3.4184905980010165   A  
  147 HIS 5.303316661200394    A  
  150 HIS 6.001450138291333    A  
  152 HIS 4.514518909600259    A  
  153 LYS 10.731265301777668   A  
  154 SER None                 A  
  156 THR None                 A  
  157 THR None                 A  
  161 GLU 4.111811478157238    A  
  162 ASP 3.107573956380595    A  
  168 THR None                 A  
  169 ASP 3.8422890048587366   A  
  177 ASP 5.102473498233215    A  
  183 SER None                 A  
  184 CYS 11.578526853252647   A  
  188 HIS 6.605217900398844    A  
  194 GLU 5.5565424748735674   A  
  195 LYS 11.20974523427757    A  
  214 THR None                 A  
  216 LYS 10.35628958773197    A  
  219 GLU 3.8965649304737213   A  
  223 TYR 11.754048723897911   A  
  226 GLU 3.6358084181272132   A  
  230 HIS 6.274154674360508    A  
  235 THR None                 A  
  237 GLU 4.242028277853261    A  
  239 THR None                 A  
  242 SER None                 A  
  244 HIS 6.086237822248795    A  
  245 GLU 4.073873949934569    A  
  249 THR None                 A  
  254 SER None                 A  
  255 ASP 3.3012508394895903   A  
  256 CYS 13.259905381431105   A  
  260 ASP 3.3551277624309392   A  
  261 THR None                 A  
  262 SER None                 A  
  269 GLU 4.332567084078712    A  
  278 THR None                 A  
  280 SER None                 A  
  282 CYS 3.137268188302425    A  
  282 CTR 10.441979429808733   A  
   59 NTR 7.640076928505893    B  
   59 LYS 11.248239751242004   B  
   67 CTR 3.124341781263022    B  
