   59 HIS 7.62274349286314     D  
   67 GLU 3.659439667225951    D  
  160 ASP 1.7258244285613191   D  
