    1 NTR 9.189724382638616    A  
    4 LYS 10.318058252427184   A  
    9 LYS 8.413024233705876    A  
   14 LYS 10.187375962864543   A  
   18 LYS 7.836933797909408    A  
   23 LYS 9.685264765422453    A  
   27 LYS 10.48775419193721    A  
   36 LYS 10.308033923034834   A  
   37 LYS 10.201180692209746   A  
   39 HIS 6.135722229945781    A  
   41 TYR 9.245076801890509    A  
   50 GLU 2.607285466040596    A  
   54 TYR 10.42479042961928    A  
   56 LYS 10.321385265478597   A  
   59 GLU 2.4567940354147253   A  
   64 LYS 9.999453522539955    A  
   73 GLU 3.560929696504034    A  
   77 ASP 4.62020624303233     A  
   79 LYS 10.673193776123073   A  
   81 ASP 2.242447157106334    A  
   94 GLU 4.89061127700685     A  
   97 GLU 1.5794541347257711   A  
   99 TYR 13.09163800968489    A  
  105 GLU 4.697366553094833    A  
  106 ASP 3.2938242668701623   A  
  110 CYS 10.885418159667479   A  
  113 HIS 6.689373344486268    A  
  115 LYS 10.516852808498253   A  
  122 LYS 10.044322818009617   A  
  123 ASP 0.1261840913839939   A  
  133 GLU 1.8462956429705415   A  
  135 CTR 3.471648476661097    A  
