    1 NTR 7.385571353343865    A  
    1 SER None                 A  
