    1 NTR None                 A  
    1 LYS None                 A  
    7 GLU None                 A  
   13 LYS None                 A  
   15 HIS None                 A  
   18 ASP None                 A  
   20 TYR None                 A  
   23 TYR None                 A  
   24 SER None                 A  
   33 LYS None                 A  
   35 GLU None                 A  
   36 SER None                 A  
   40 THR None                 A  
   43 THR None                 A  
   47 THR None                 A  
   48 ASP None                 A  
   50 SER None                 A  
   51 THR None                 A  
   52 ASP None                 A  
   53 TYR None                 A  
   60 SER None                 A  
   66 ASP None                 A  
   69 THR None                 A  
   72 SER None                 A  
   81 SER None                 A  
   85 SER None                 A  
   86 SER None                 A  
   87 ASP None                 A  
   89 THR None                 A  
   91 SER None                 A  
   96 LYS None                 A  
   97 LYS None                 A  
  100 SER None                 A  
  101 ASP None                 A  
  116 LYS None                 A  
  118 THR None                 A  
  119 ASP None                 A  
  129 CTR None                 A  
