#pH            NTR    1LYS    7GLU   13LYS   15HIS   18ASP   20TYR   23TYR   24SER   33LYS   35GLU   36SER   40THR   43THR   47THR   48ASP   50SER   51THR   52ASP   53TYR   60SER   66ASP   69THR   72SER   81SER   85SER   86SER   87ASP   89THR   91SER   96LYS   97LYS  100SER  101ASP  116LYS  118THR  119ASP     CTR
 1.00	 1.0000	 1.0000	 0.9941	 1.0000	 0.9999	 0.9907	 1.0000	 1.0000	 1.0000	 1.0000	 0.9992	 1.0000	 1.0000	 1.0000	 1.0000	 0.9048	 1.0000	 1.0000	 0.9674	 1.0000	 1.0000	 0.9680	 1.0000	 1.0000	 1.0000	 1.0000	 1.0000	 0.9733	 1.0000	 1.0000	 1.0000	 1.0000	 1.0000	 0.9983	 1.0000	 1.0000	 0.9799	 0.8906