    1 NTR 6.970007685858021    A  
    1 LYS 10.40120113865167    A  
   15 LYS 10.682987974098058   A  
   19 CTR 3.2598815614268695   A  
   19 LYS 10.667911153119093   A  
