  769 NTR 11.234137974163346      
  770 CYS 24.296543354078075      
  771 GLU 4.015179252479023       
  776 TYR 18.595372225793035      
  780 TYR 24.399890927119483      
  782 ASP None                    
  786 THR None                    
  787 THR None                    
  793 ASP 22.778483296053107      
  799 ASP 0.48049158811597664     
  801 ASP 1.5057450374588557      
  802 GLU 3.961777777777778       
  804 CTR 4.477023346303502       
  804 THR None                    
