    1 NTR 7.018212389380531    A  
    1 LYS 11.515490210115617   A  
    7 GLU 2.7398105047098924   A  
   15 HIS 5.09762464806301     A  
   18 ASP 3.413264415185276    A  
   35 GLU 5.2742409038540154   A  
   48 ASP 0.5086124766586638   A  
   52 ASP 3.2598598241862673   A  
   66 ASP None                 A  
   87 ASP 1.3850342916029992   A  
  101 ASP 3.716067557803468    A  
  119 ASP 1.8725303622712017   A  
  129 CTR 1.6397626060733572   A  
