    1 NTR 9.21230747491875     A  
    3 THR None                 A  
    4 LYS 10.306704757873947   A  
    6 THR None                 A  
    9 LYS 8.446744015887948    A  
   10 SER None                 A  
   11 THR None                 A  
   14 LYS 10.00182126783126    A  
   18 LYS 7.6309425595545015   A  
   22 THR None                 A  
   23 LYS 9.607666360553829    A  
   27 LYS 10.421674129712553   A  
   28 SER None                 A  
   32 THR None                 A  
   36 LYS 10.304388013232147   A  
   37 LYS 9.658097410700359    A  
   39 HIS 5.9431156222418355   A  
   41 TYR 13.013557958084041   A  
   45 THR None                 A  
   50 GLU 1.31090710029435     A  
   54 TYR 9.669047019462532    A  
   56 LYS 9.368234440142942    A  
   57 SER None                 A  
   58 THR None                 A  
   59 GLU 2.0410982526057633   A  
   64 LYS 10.096167162938855   A  
   73 GLU 3.260797068631891    A  
   77 ASP 4.509207494428285    A  
   79 LYS 10.397876625211984   A  
   80 THR None                 A  
   81 ASP 1.557284614836457    A  
   86 SER None                 A  
   87 SER None                 A  
   94 GLU 1.753239806217198    A  
   96 SER None                 A  
   97 GLU None                 A  
   99 TYR 12.663857095842323   A  
  105 GLU 4.23650002043903     A  
  106 ASP 2.792850713642793    A  
  107 THR None                 A  
  110 CYS 12.991841624828846   A  
  113 HIS 2.79364206050207     A  
  115 LYS 9.583196805242679    A  
  118 THR None                 A  
  122 LYS 7.9206290421649745   A  
  123 ASP None                 A  
  133 GLU 0.698411554947232    A  
  135 CTR 3.2094371760953866   A  
