    3 NTR 8.005239278383925    B  
    3 LYS 11.142589338019919   B  
    4 LYS 10.640888208269525   B  
    5 TYR 9.671807437301815    B  
   10 ASP 3.879042759106106    B  
   23 ASP 3.3729027636391056   B  
   24 GLU 3.8071811109808062   B  
   25 TYR 9.92113539726605     B  
   26 LYS 11.204305457779094   B  
   30 LYS 11.640715174833089   B  
   31 CTR 3.8620041827655878   B  
   31 LYS 12.08578953064685    B  
