    1 NTR 7.535143990343163       
   18 ASP 3.2554331123501776      
   35 GLU 4.619474578486472       
   48 ASP 2.313423024672422       
   66 ASP 1.891644424338385       
  129 CTR 2.00831923042665        
