  769 NTR 10.809909308908642   A  
  770 CYS None                 A  
  771 GLU 4.010693080721711    A  
  782 ASP None                 A  
  793 ASP None                 A  
  799 ASP 2.0325970005050396   A  
  801 ASP 1.038801379054068    A  
  802 GLU 4.124791182626394    A  
  804 CTR 3.543877365540363    A  
