    1 NTR 7.668774975293259    A  
   18 ASP 3.208344304716938    A  
   35 GLU 4.677308718296143    A  
   48 ASP 3.017856790123457    A  
   66 ASP 3.3120436384516005   A  
  129 CTR 2.056                A  
