    1 NTR 7.258148916332084    A  
    1 LYS 10.649226123820188   A  
    7 GLU 2.894240130337168    A  
   12 CTR None                 A  
   13 NTR 5.320197570158755    B  
   13 LYS None                 B  
   15 HIS 6.919149690360516    B  
   18 ASP 2.5703887911687997   B  
   20 CTR None                 B  
   20 TYR 10.15103009061378    B  
   21 NTR None                 C  
   23 TYR 8.597807220550798    C  
   24 SER None                 C  
   33 LYS 10.619279181732052   C  
   35 GLU 4.248735012108444    C  
   36 SER None                 C  
   40 CTR 1.112605534954853    C  
   40 THR None                 C  
   41 NTR 9.446173994761361    D  
   43 THR None                 D  
   47 THR None                 D  
   48 ASP 1.9209061407888166   D  
   50 SER None                 D  
   51 THR None                 D  
   52 ASP 2.2624183934147033   D  
   53 TYR 10.886784944775512   D  
   60 SER None                 D  
   66 ASP 2.384563181468579    D  
   69 THR None                 D  
   72 SER None                 D  
   81 SER None                 D  
   85 SER None                 D  
   86 SER None                 D  
   87 ASP 2.2879831342234715   D  
   89 THR None                 D  
   91 SER None                 D  
   96 LYS None                 D  
   97 LYS None                 D  
  100 SER None                 D  
  101 ASP 3.445209202990001    D  
  116 LYS 10.246746860341958   D  
  118 THR None                 D  
  119 ASP 2.4371008876850992   D  
  129 CTR 1.6374364742984553   D  
