    2 NTR None                 A  
    3 HIS 6.9526728209531985   A  
    4 HIS None                 A  
    7 TYR None                 A  
    9 LYS None                 A  
   10 HIS 6.36920164389817     A  
   14 GLU None                 A  
   15 HIS 6.070748761775274    A  
   17 HIS None                 A  
   18 LYS None                 A  
   19 ASP None                 A  
   26 GLU None                 A  
   32 ASP None                 A  
   34 ASP None                 A  
   36 LYS None                 A  
   41 ASP None                 A  
   45 LYS None                 A  
   51 TYR None                 A  
   53 GLU None                 A  
   64 HIS None                 A  
   69 GLU None                 A  
   70 TYR None                 A  
   71 ASP None                 A  
   72 ASP None                 A  
   75 ASP None                 A  
   76 LYS None                 A  
   80 LYS None                 A  
   81 ASP None                 A  
   88 TYR None                 A  
   94 HIS None                 A  
   96 HIS None                 A  
  101 ASP None                 A  
  102 ASP None                 A  
  106 GLU None                 A  
  107 HIS None                 A  
  110 ASP None                 A  
  112 LYS None                 A  
  113 LYS None                 A  
  114 TYR None                 A  
  117 GLU None                 A  
  119 HIS None                 A  
  122 HIS None                 A  
  126 LYS None                 A  
  127 TYR None                 A  
  129 ASP None                 A  
  138 ASP None                 A  
  148 LYS None                 A  
  151 ASP None                 A  
  158 LYS None                 A  
  161 ASP None                 A  
  164 ASP None                 A  
  167 LYS None                 A  
  169 LYS None                 A  
  171 LYS None                 A  
  174 ASP None                 A  
  179 ASP None                 A  
  189 ASP None                 A  
  190 TYR None                 A  
  193 TYR None                 A  
  204 GLU None                 A  
  212 LYS None                 A  
  213 GLU None                 A  
  224 LYS None                 A  
  233 GLU None                 A  
  235 GLU None                 A  
  237 GLU None                 A  
  251 LYS None                 A  
  260 CTR None                 A  
  260 LYS None                 A  

Predicted Isoelectric Point: 6.528696803645706
