   -9 NTR 7.469081336238199    A  
   -7 THR None                 A  
   -6 GLU 3.30028880866426     A  
   -3 TYR 9.663368821020182    A  
    0 SER None                 A  
    3 GLU 4.391259703067299    A  
    8 THR None                 A  
   10 LYS 10.668427252346392   A  
   13 SER None                 A  
   14 SER None                 A  
   15 GLU 4.113518927621972    A  
   18 GLU 3.393629148019927    A  
   19 ASP 3.3952060310500647   A  
   20 TYR 13.400726190916146   A  
   22 LYS 10.587554806681887   A  
   23 GLU 4.166726112258306    A  
   38 LYS 10.604896474538332   A  
   40 THR None                 A  
   42 THR None                 A  
   44 SER None                 A  
   46 ASP 3.5814576918993524   A  
   48 LYS 10.551811942647316   A  
   51 THR None                 A  
   54 THR None                 A  
   55 GLU 3.9517168554054547   A  
   56 SER None                 A  
   57 SER None                 A  
   60 ASP 1.9627320811744386   A  
   61 THR None                 A  
   62 LYS 10.474231284632936   A  
   64 SER None                 A  
   66 LYS 10.698242405317393   A  
   69 GLU 3.790949851826194    A  
   70 GLU 3.965377855887522    A  
   72 ASP 2.3844213594409776   A  
   73 GLU 1.7597915806851012   A  
   74 THR None                 A  
   75 THR None                 A  
   77 ASP 1.0748239786785472   A  
   80 LYS 10.584316060021923   A  
   82 LYS 11.756319579674468   A  
   83 SER None                 A  
   84 THR None                 A  
   86 THR None                 A  
   88 GLU 4.062438981868898    A  
   91 SER None                 A  
   94 HIS 5.3611310915303      A  
   97 LYS 11.144764397905758   A  
  101 LYS 10.389757328030639   A  
  102 GLU 3.695859810911345    A  
  103 THR None                 A  
  104 THR None                 A  
  106 LYS 10.85503817491885    A  
  108 LYS 10.54367650587953    A  
  111 ASP 3.599820110870443    A  
  112 GLU 4.283998646820027    A  
  113 LYS 11.49138842312459    A  
  117 GLU 3.1609913635365587   A  
  118 CYS 10.448528923424321   A  
  119 LYS 10.210060404082483   A  
  125 SER None                 A  
  126 THR None                 A  
  129 TYR 9.756175027262813    A  
  130 GLU 4.113634640175931    A  
  131 CTR 2.6923277480358756   A  
  131 LYS 11.507075386341429   A  
