    1 NTR 8.317844409909497       
    1 LYS 10.23908831128161       
    7 GLU 2.867832459937723       
   13 LYS None                    
   15 HIS 6.1221793512050615      
   18 ASP 2.573156884200095       
   20 TYR 9.141212860870297       
   23 TYR 9.270878252120166       
   33 LYS 10.510663554385125      
   35 GLU 3.7274646400675535      
   48 ASP 1.5687978388113464      
   52 ASP 2.986371287397513       
   53 TYR 10.351377254691483      
   66 ASP 2.0551288086271824      
   87 ASP 1.7900294558995165      
   96 LYS None                    
   97 LYS None                    
  101 ASP 3.2872847858310212      
  116 LYS 10.265484930448222      
  119 ASP 2.4188631810503987      
  129 CTR None                    
